// Jest Snapshot v1, https://goo.gl/fbAQLP

exports[`NotFoundPage render the UI as expected 1`] = `
<section
  className="NotFoundPage"
>
  <header>
    <h1>
      That page does not exist.
    </h1>
  </header>
</section>
`;
