// Jest Snapshot v1, https://goo.gl/fbAQLP

exports[`MenuItem renders the UI as expected 1`] = `
<a
  className="MenuItem__primary"
  href="/"
  onClick={[Function]}
>
  <div
    className="empty"
  />
  <span />
  <div
    className="empty"
  />
</a>
`;
