// Jest Snapshot v1, https://goo.gl/fbAQLP

exports[`FooterPageLinkList renders the UI as expected 1`] = `
<nav
  className="Footer__page-link-list"
>
  <ul>
    <li
      className="Footer__page-link"
    >
      <a />
    </li>
  </ul>
</nav>
`;
