// Jest Snapshot v1, https://goo.gl/fbAQLP

exports[`FormTextInput render the UI as expected 1`] = `
<div
  className="FormText"
>
  <label
    htmlFor={1}
  >
    
  </label>
  <input
    defaultValue={1}
    id={1}
    name=""
    type="text"
  />
</div>
`;
