// Jest Snapshot v1, https://goo.gl/fbAQLP

exports[`FooterPageLink renders the UI as expected 1`] = `
<li
  className="Footer__page-link"
>
  <a />
</li>
`;
