// Jest Snapshot v1, https://goo.gl/fbAQLP

exports[`ProductDetail renders the UI as expected 1`] = `
<div
  className="ProductDetail"
>
  <div
    className="ProductDetailCarousel"
    id="image-carousel"
  >
    <div
      className="ProductDetailCarousel__items"
    />
  </div>
  <section
    className="ProductDetail__basic-info"
  >
    <header>
      <h2
        className="ProductDetail__product-name"
      >
        Dahlia Dress
      </h2>
    </header>
    <div
      className="ProductDetail__button-section"
    >
      <button
        className="ProductDetail__heart"
        type="button"
      >
        <svg
          aria-hidden="true"
          className="svg-inline--fa fa-heart fa-w-16 "
          data-icon="heart"
          data-prefix="far"
          focusable="false"
          role="img"
          style={Object {}}
          viewBox="0 0 512 512"
          xmlns="http://www.w3.org/2000/svg"
        >
          <path
            d="M458.4 64.3C400.6 15.7 311.3 23 256 79.3 200.7 23 111.4 15.6 53.6 64.3-21.6 127.6-10.6 230.8 43 285.5l175.4 178.7c10 10.2 23.4 15.9 37.6 15.9 14.3 0 27.6-5.6 37.6-15.8L469 285.6c53.5-54.7 64.7-157.9-10.6-221.3zm-23.6 187.5L259.4 430.5c-2.4 2.4-4.4 2.4-6.8 0L77.2 251.8c-36.5-37.2-43.9-107.6 7.3-150.7 38.9-32.7 98.9-27.8 136.5 10.5l35 35.7 35-35.7c37.8-38.5 97.8-43.2 136.5-10.6 51.1 43.1 43.5 113.9 7.3 150.8z"
            fill="currentColor"
            style={Object {}}
          />
        </svg>
      </button>
      <div
        className="ProductDetail__button-like"
      >
        BUY
      </div>
    </div>
    <div
      className="ProductDetail__info-section"
    >
      <p>
        Sezane
      </p>
      <p>
        200
      </p>
      <p>
        Standard US sizes 0-12
      </p>
      <p>
        Fibers: 100% silk
      </p>
      <p>
        Color options:
      </p>
    </div>
    <div
      className="ProductDetail__color-list"
    >
      <div
        className="ProductDetail__color"
      >
        <img
          alt="Black"
          src="https://media.sezane.com/image/upload/c_fill,d_placeholder_dark.png,fl_progressive:semi,h_60,q_auto:best,w_43/avhc13dzwkv0pzgbmf7g.jpg"
        />
      </div>
      <div
        className="ProductDetail__color"
      >
        <img
          alt="Paris est une fete print"
          src="https://media.sezane.com/image/upload/c_fill,d_placeholder_dark.png,fl_progressive:semi,h_60,q_auto:best,w_43/iwjijdgeeru16c6btswn.jpg"
        />
      </div>
    </div>
  </section>
  <hr />
  <section>
    <button
      className="ProductDetailSection__button"
      onClick={[Function]}
      type="button"
    >
      <svg
        aria-hidden="true"
        className="svg-inline--fa fa-angle-down fa-w-10 "
        data-icon="angle-down"
        data-prefix="fas"
        focusable="false"
        role="img"
        style={Object {}}
        viewBox="0 0 320 512"
        xmlns="http://www.w3.org/2000/svg"
      >
        <path
          d="M143 352.3L7 216.3c-9.4-9.4-9.4-24.6 0-33.9l22.6-22.6c9.4-9.4 24.6-9.4 33.9 0l96.4 96.4 96.4-96.4c9.4-9.4 24.6-9.4 33.9 0l22.6 22.6c9.4 9.4 9.4 24.6 0 33.9l-136 136c-9.2 9.4-24.4 9.4-33.8 0z"
          fill="currentColor"
          style={Object {}}
        />
      </svg>
    </button>
    <header
      onClick={[Function]}
    >
      <h3>
        Design details
      </h3>
    </header>
    <div
      className="ProductDetailSection"
    >
      <p>
        Neckline: v-neck
      </p>
      <p>
        Sleeve length: three-quarter-length sleeves
      </p>
      <p>
        Office-friendly: yes
      </p>
      <p>
        Length: below the knee
      </p>
      <p>
        Dress style: wrap dress
      </p>
    </div>
  </section>
  <hr />
  <section>
    <button
      className="ProductDetailSection__button"
      onClick={[Function]}
      type="button"
    >
      <svg
        aria-hidden="true"
        className="svg-inline--fa fa-angle-down fa-w-10 "
        data-icon="angle-down"
        data-prefix="fas"
        focusable="false"
        role="img"
        style={Object {}}
        viewBox="0 0 320 512"
        xmlns="http://www.w3.org/2000/svg"
      >
        <path
          d="M143 352.3L7 216.3c-9.4-9.4-9.4-24.6 0-33.9l22.6-22.6c9.4-9.4 24.6-9.4 33.9 0l96.4 96.4 96.4-96.4c9.4-9.4 24.6-9.4 33.9 0l22.6 22.6c9.4 9.4 9.4 24.6 0 33.9l-136 136c-9.2 9.4-24.4 9.4-33.8 0z"
          fill="currentColor"
          style={Object {}}
        />
      </svg>
    </button>
    <header
      onClick={[Function]}
    >
      <h3>
        Care instructions
      </h3>
    </header>
    <div
      className="ProductDetailSection"
    >
      <p>
        Wash: hand wash in cold water
      </p>
      <p>
        Dry: not provided
      </p>
    </div>
  </section>
  <hr />
  <section>
    <button
      className="ProductDetailSection__button"
      onClick={[Function]}
      type="button"
    >
      <svg
        aria-hidden="true"
        className="svg-inline--fa fa-angle-down fa-w-10 "
        data-icon="angle-down"
        data-prefix="fas"
        focusable="false"
        role="img"
        style={Object {}}
        viewBox="0 0 320 512"
        xmlns="http://www.w3.org/2000/svg"
      >
        <path
          d="M143 352.3L7 216.3c-9.4-9.4-9.4-24.6 0-33.9l22.6-22.6c9.4-9.4 24.6-9.4 33.9 0l96.4 96.4 96.4-96.4c9.4-9.4 24.6-9.4 33.9 0l22.6 22.6c9.4 9.4 9.4 24.6 0 33.9l-136 136c-9.2 9.4-24.4 9.4-33.8 0z"
          fill="currentColor"
          style={Object {}}
        />
      </svg>
    </button>
    <header
      onClick={[Function]}
    >
      <h3>
        Production
      </h3>
    </header>
    <div
      className="ProductDetailSection"
    >
      <h4>
        Garment sewing and finishing
      </h4>
      <p>
        Country: China
      </p>
      <p>
        Factory: not disclosed
      </p>
      <h4>
        Fabric cutting
      </h4>
      <p>
        Country: not disclosed
      </p>
      <p>
        Factory: not disclosed
      </p>
      <p>
        Product certifications: OEKO-TEX Standard 100
      </p>
      <p>
        Production notes: OEKO-TEX certification number CQ 1217/1IFTH
      </p>
    </div>
  </section>
  <hr />
  <section>
    <button
      className="ProductDetailSection__button"
      onClick={[Function]}
      type="button"
    >
      <svg
        aria-hidden="true"
        className="svg-inline--fa fa-angle-down fa-w-10 "
        data-icon="angle-down"
        data-prefix="fas"
        focusable="false"
        role="img"
        style={Object {}}
        viewBox="0 0 320 512"
        xmlns="http://www.w3.org/2000/svg"
      >
        <path
          d="M143 352.3L7 216.3c-9.4-9.4-9.4-24.6 0-33.9l22.6-22.6c9.4-9.4 24.6-9.4 33.9 0l96.4 96.4 96.4-96.4c9.4-9.4 24.6-9.4 33.9 0l22.6 22.6c9.4 9.4 9.4 24.6 0 33.9l-136 136c-9.2 9.4-24.4 9.4-33.8 0z"
          fill="currentColor"
          style={Object {}}
        />
      </svg>
    </button>
    <header
      onClick={[Function]}
    >
      <h3>
        Fabric
      </h3>
    </header>
    <div
      className="ProductDetailSection"
    >
      <div
        className="ProductDetailCarousel"
        id="section-carousel"
      >
        <div
          className="ProductDetailCarousel__items"
        >
          <div
            className="ProductDetail__carousel-item"
          >
            <h4>
              Primary fabric
            </h4>
            <p>
              Fabric type: not listed
            </p>
            <h5>
              Dyeing and finishing
            </h5>
            <p>
              Country:
            </p>
            <p>
              Factory:
            </p>
            <h5>
              Fabric mill
            </h5>
            <p>
              Country:
            </p>
            <p>
              Factory:
            </p>
            <p>
              Fabric certifications: none listed
            </p>
            <h5>
              Fiber(s)
            </h5>
            <h6>
              Silk
            </h6>
            <p>
              Fiber origin: not disclosed
            </p>
            <p>
              Fiber producer: not disclosed
            </p>
            <p>
              Fiber certifications: none listed
            </p>
          </div>
          <div
            className="ProductDetail__carousel-item"
          >
            <h4>
              Secondary fabric
            </h4>
            <p>
              Fabric type: not listed
            </p>
            <h5>
              Dyeing and finishing
            </h5>
            <p>
              Country: China
            </p>
            <p>
              Factory: not disclosed
            </p>
            <h5>
              Fabric mill
            </h5>
            <p>
              Country: not disclosed
            </p>
            <p>
              Factory: not disclosed
            </p>
            <p>
              Fabric certifications: none listed
            </p>
            <h5>
              Fiber(s)
            </h5>
            <h6>
              Silk
            </h6>
            <p>
              Fiber origin: not disclosed
            </p>
            <p>
              Fiber producer: not disclosed
            </p>
            <p>
              Fiber certifications: none listed
            </p>
          </div>
        </div>
      </div>
    </div>
  </section>
  <hr />
  <section>
    <button
      className="ProductDetailSection__button"
      onClick={[Function]}
      type="button"
    >
      <svg
        aria-hidden="true"
        className="svg-inline--fa fa-angle-down fa-w-10 "
        data-icon="angle-down"
        data-prefix="fas"
        focusable="false"
        role="img"
        style={Object {}}
        viewBox="0 0 320 512"
        xmlns="http://www.w3.org/2000/svg"
      >
        <path
          d="M143 352.3L7 216.3c-9.4-9.4-9.4-24.6 0-33.9l22.6-22.6c9.4-9.4 24.6-9.4 33.9 0l96.4 96.4 96.4-96.4c9.4-9.4 24.6-9.4 33.9 0l22.6 22.6c9.4 9.4 9.4 24.6 0 33.9l-136 136c-9.2 9.4-24.4 9.4-33.8 0z"
          fill="currentColor"
          style={Object {}}
        />
      </svg>
    </button>
    <header
      onClick={[Function]}
    >
      <h3>
        Notions
      </h3>
    </header>
    <div
      className="ProductDetailSection"
    >
      <div
        className="ProductDetailCarousel"
        id="section-carousel"
      >
        <div
          className="ProductDetailCarousel__items"
        >
          <div
            className="ProductDetail__carousel-item"
          >
            <h4>
              Primary fabric
            </h4>
            <p>
              Fabric type: not listed
            </p>
            <h5>
              Dyeing and finishing
            </h5>
            <p>
              Country:
            </p>
            <p>
              Factory:
            </p>
            <h5>
              Fabric mill
            </h5>
            <p>
              Country:
            </p>
            <p>
              Factory:
            </p>
            <p>
              Fabric certifications: none listed
            </p>
          </div>
          <div
            className="ProductDetail__carousel-item"
          >
            <h4>
              Primary fabric
            </h4>
            <p>
              Fabric type: not listed
            </p>
            <h5>
              Dyeing and finishing
            </h5>
            <p>
              Country:
            </p>
            <p>
              Factory:
            </p>
            <h5>
              Fabric mill
            </h5>
            <p>
              Country:
            </p>
            <p>
              Factory:
            </p>
            <p>
              Fabric certifications: none listed
            </p>
          </div>
        </div>
      </div>
    </div>
  </section>
</div>
`;
