// Jest Snapshot v1, https://goo.gl/fbAQLP

exports[`AllCategories renders the UI as expected 1`] = `
<section
  className="AllCategories"
>
  <header>
    <h1>
      Categories
    </h1>
  </header>
  <ul
    className="AllCategories__list"
  />
</section>
`;
