// Jest Snapshot v1, https://goo.gl/fbAQLP

exports[`LandingBrandList renders the UI as expected 1`] = `
<section
  className="LandingBrandList__section"
>
  <header>
    <h3>
      Discover new brands
    </h3>
  </header>
  <p>
    She Wants Pockets curates clothing from 
     from 
    . Explore our brand fact sheets and impartial supply-chain reviews to make an informed decision when you vote with your money.
  </p>
  <div
    className="LandingBrandList__list"
  >
    <a
      href="www.google.com"
    >
      <div
        className="Brand"
      >
        <img
          alt="A 5'10\\" model is wearing a size 2 The Relaxed Air Shirt in Blue / White Stripe"
          src="https://res.cloudinary.com/everlane/image/upload/c_scale/c_fill,dpr_1.0,f_auto,q_auto,w_auto:100:1200/v1/i/1bc014ee_3f92.jpg"
        />
        <p>
          Everlane
        </p>
      </div>
    </a>
  </div>
  <a
    href="/all-categories"
  >
    <p
      className="ReadMoreLink"
    >
      <span>
        All brand reviews
         
      </span>
      <svg
        aria-hidden="true"
        className="svg-inline--fa fa-arrow-right fa-w-14 "
        data-icon="arrow-right"
        data-prefix="fas"
        focusable="false"
        role="img"
        style={Object {}}
        viewBox="0 0 448 512"
        xmlns="http://www.w3.org/2000/svg"
      >
        <path
          d="M190.5 66.9l22.2-22.2c9.4-9.4 24.6-9.4 33.9 0L441 239c9.4 9.4 9.4 24.6 0 33.9L246.6 467.3c-9.4 9.4-24.6 9.4-33.9 0l-22.2-22.2c-9.5-9.5-9.3-25 .4-34.3L311.4 296H24c-13.3 0-24-10.7-24-24v-32c0-13.3 10.7-24 24-24h287.4L190.9 101.2c-9.8-9.3-10-24.8-.4-34.3z"
          fill="currentColor"
          style={Object {}}
        />
      </svg>
    </p>
  </a>
</section>
`;
