// Jest Snapshot v1, https://goo.gl/fbAQLP

exports[`ProductDetailCarousel renders the UI as expected 1`] = `
<div
  className="ProductDetailCarousel"
  id={0}
>
  <div
    className="ProductDetailCarousel__items"
  />
</div>
`;
