// Jest Snapshot v1, https://goo.gl/fbAQLP

exports[`Footer renders the UI as expected 1`] = `
<footer>
  <ul
    className="Footer__social-link-list"
  >
    <li
      className="Footer__social-link"
    >
      <a
        href="https://www.instagram.com/shewantspockets/"
      >
        Instagram
      </a>
    </li>
    <li
      className="Footer__social-link"
    >
      <a
        href="https://www.youtube.com/shewantspockets"
      >
        YouTube
      </a>
    </li>
  </ul>
  <form
    className="NewsletterSignUp"
  >
    <p>
      Want updates?
    </p>
    <fieldset>
      <label
        htmlFor="newsletter"
      >
        Email 
      </label>
      <input
        id="newsletter"
        name="newsletter"
        type="text"
      />
    </fieldset>
    <button
      className="FormButton"
      onClick={[Function]}
      type="button"
    >
      SUBMIT
    </button>
  </form>
</footer>
`;
