// Jest Snapshot v1, https://goo.gl/fbAQLP

exports[`Brand renders the UI as expected 1`] = `
<a>
  <div
    className="Brand"
  >
    <img />
    <p />
  </div>
</a>
`;
