// Jest Snapshot v1, https://goo.gl/fbAQLP

exports[`FormCheckboxSection render the UI as expected 1`] = `
<div
  className="FormCheckboxSection"
>
  <div
    className="empty"
  />
  <div
    className="FormCheckboxSection__options-container"
  />
</div>
`;
