// Jest Snapshot v1, https://goo.gl/fbAQLP

exports[`FormNumberInput render the UI as expected 1`] = `
<div
  className="FormNumber"
>
  <label
    htmlFor={1}
  >
    
  </label>
  <input
    id={1}
    name=""
    onChange={[Function]}
    type="number"
    value={1}
  />
   %
</div>
`;
