// Jest Snapshot v1, https://goo.gl/fbAQLP

exports[`FooterSocialLinkList render the UI as expected 1`] = `
<ul
  className="Footer__social-link-list"
/>
`;
