// Jest Snapshot v1, https://goo.gl/fbAQLP

exports[`FormFieldset render the UI as expected 1`] = `
<fieldset
  className="FormFieldset"
>
  <legend />
</fieldset>
`;
