// Jest Snapshot v1, https://goo.gl/fbAQLP

exports[`FormUrlInput render the UI as expected 1`] = `
<div
  className="FormUrlInput"
>
  <label
    htmlFor={1}
  >
    
  </label>
  <input
    defaultValue=""
    id={1}
    name=""
    required={true}
    type="url"
  />
</div>
`;
